[BEGIN GLOBALS]
main
[END GLOBALS]
[BEGIN main LOCALS]
myFalse (local var of 8 bytes)
myTrue (local var of 8 bytes)
myAnd (local var of 8 bytes)
myOr (local var of 8 bytes)
[END main LOCALS]
main:       enter main
lbl_0:      leave main