[BEGIN GLOBALS]
func
[END GLOBALS]
[BEGIN func LOCALS]
a (local var of 8 bytes)
a (local var of 8 bytes)
a (local var of 8 bytes)
a (local var of 8 bytes)
[END func LOCALS]
fun_func:   enter func
lbl_1:      nop
            IFZ 1 GOTO lbl_2
            goto lbl_1
lbl_2:      nop
            IFZ 1 GOTO lbl_3
lbl_3:      nop
            IFZ 1 GOTO lbl_4
            goto lbl_5
lbl_4:      nop
            [a] := [a] ADD64 1
            [a] := [a] SUB64 1
lbl_5:      nop
lbl_0:      leave func

