FATAL [12,5]-[12,17]: Undeclared identifier
Name Analysis Failed