glob{bool} : bool;
main{()->int} : (){
	a{int} : int;
	glob{bool} = a{int};
}
