FATAL [7,5]-[7,6]: Attempt to call a non-function
Type Analysis Failed