FATAL [8,8]-[8,17]: Invalid equality operand
Type Analysis Failed