FATAL [3,8]-[3,19]: Invalid equality operation
Type Analysis Failed