FATAL [9,5]-[9,6]: Invalid assignment operand
Type Analysis Failed