FATAL [7,8]-[7,13]: Logical operator applied to non-bool operand
Type Analysis Failed