FATAL [5,2]-[5,7]: Invalid assignment operation
Type Analysis Failed
