FATAL [3,5]-[3,11]: Missing return value
Type Analysis Failed