FATAL [3,12]-[3,17]: Bad return value
Type Analysis Failed