FATAL [8,2]-[8,10]: Invalid assignment operation
FATAL [9,2]-[9,11]: Invalid assignment operation
FATAL [10,2]-[10,7]: Invalid assignment operation
FATAL [12,2]-[12,12]: Invalid assignment operation
FATAL [13,6]-[13,8]: Invalid assignment operand
FATAL [14,6]-[14,8]: Invalid assignment operand
FATAL [15,6]-[15,10]: Invalid assignment operand
FATAL [16,6]-[16,10]: Invalid assignment operand
Type Analysis Failed
