FATAL [4,5]-[4,10]: Invalid assignment operation
Type Analysis Failed
