FATAL [6,11]-[6,14]: Arithmetic operator applied to invalid operand
Type Analysis Failed
