FATAL [6,13]-[6,14]: Attempt to call a non-function
Type Analysis Failed
