FATAL [6,7]-[6,11]: Arithmetic operator applied to invalid operand
FATAL [6,14]-[6,19]: Arithmetic operator applied to invalid operand
Type Analysis Failed
