FATAL [6,5]-[6,13]: Function call with wrong number of args
Type Analysis Failed
