FATAL [5,7]-[5,11]: Invalid equality operand
Type Analysis Failed
