FATAL [4,9]-[4,10]: Relational operator applied to non-numeric operand
FATAL [4,13]-[4,18]: Relational operator applied to non-numeric operand
Type Analysis Failed
