FATAL [8,6]-[8,7]: Logical operator applied to non-bool operand
FATAL [8,12]-[8,13]: Logical operator applied to non-bool operand
Type Analysis Failed
