FATAL [6,2]-[6,11]: Invalid assignment operation
FATAL [7,5]-[7,14]: Invalid assignment operation
FATAL [8,5]-[8,15]: Invalid assignment operation
FATAL [9,5]-[9,15]: Invalid assignment operation
Type Analysis Failed
