FATAL [2,5]-[2,11]: Missing return value
Type Analysis Failed
