FATAL [8,11]-[8,12]: Logical operator applied to non-bool operand
Type Analysis Failed
