FATAL [2,12]-[2,13]: Return with a value in void function
Type Analysis Failed
