FATAL [2,12]-[2,14]: Bad return value
Type Analysis Failed
