Person{Person} : class {
    name{int} : int;
    age{int} : int;
};
g{()->int} : () int {
    a{Person} : Person{Person};
}
