b{int} : int;
v{()->int} : () int  {
    b{int} : int;
}
