FATAL [1,11]-[1,12]: Undeclared identifier
Name Analysis Failed
