FATAL [1,10]-[1,15]: Invalid type in declaration
Name Analysis Failed