FATAL [2,1]-[2,4]: Multiply declared identifier
Name Analysis Failed