FATAL [4,5]-[4,6]: Invalid type in declaration
FATAL [4,5]-[4,6]: Multiply declared identifier
Name Analysis Failed