FATAL [3,5]-[3,6]: Invalid type in declaration
Name Analysis Failed
