f{(int,bool)->int} : (arg1{int} : int,arg2{bool}: bool) int {
}

g{()->void} : () void {
    a{int} : int;
    f{(int,bool)->int}(a{int}, true);
    g{()->void}();
}
