funct{()->void} : () void  {
    x{perfect int} : perfect int;
    y{int} : int;
    give x{perfect int};
    take y{int};
    isCold{bool} : bool = false;
    if (x{perfect int} and y{int}){
    }
    if (x{perfect int} or y{int}){
    } else {
    }
}
